exports[`test App renders correctly 1`] = `
<div>
  <Connect(Navigation) />
</div>
`;
