exports[`test App renders correctly 1`] = `
<div>
  <h1>
    App
  </h1>
</div>
`;
