exports[`test User renders correctly 1`] = `
<div>
  <h1 />
</div>
`;
