exports[`test Home renders correctly 1`] = `
<div>
  <Landing />
</div>
`;
